/home/martin/Dokumente/Programmierung/Echtzeitsystem Git/RTOS/Core/Src/syscalls.c:41:6:initialise_monitor_handles	4	static
/home/martin/Dokumente/Programmierung/Echtzeitsystem Git/RTOS/Core/Src/syscalls.c:43:5:_getpid	4	static
/home/martin/Dokumente/Programmierung/Echtzeitsystem Git/RTOS/Core/Src/syscalls.c:47:5:_kill	16	static
/home/martin/Dokumente/Programmierung/Echtzeitsystem Git/RTOS/Core/Src/syscalls.c:54:6:_exit	16	static
/home/martin/Dokumente/Programmierung/Echtzeitsystem Git/RTOS/Core/Src/syscalls.c:60:27:_read	32	static
/home/martin/Dokumente/Programmierung/Echtzeitsystem Git/RTOS/Core/Src/syscalls.c:71:27:_write	32	static
/home/martin/Dokumente/Programmierung/Echtzeitsystem Git/RTOS/Core/Src/syscalls.c:81:5:_close	16	static
/home/martin/Dokumente/Programmierung/Echtzeitsystem Git/RTOS/Core/Src/syscalls.c:86:5:_fstat	16	static
/home/martin/Dokumente/Programmierung/Echtzeitsystem Git/RTOS/Core/Src/syscalls.c:92:5:_isatty	16	static
/home/martin/Dokumente/Programmierung/Echtzeitsystem Git/RTOS/Core/Src/syscalls.c:97:5:_lseek	24	static
/home/martin/Dokumente/Programmierung/Echtzeitsystem Git/RTOS/Core/Src/syscalls.c:104:5:_open	12	static
/home/martin/Dokumente/Programmierung/Echtzeitsystem Git/RTOS/Core/Src/syscalls.c:111:5:_wait	16	static
/home/martin/Dokumente/Programmierung/Echtzeitsystem Git/RTOS/Core/Src/syscalls.c:117:5:_unlink	16	static
/home/martin/Dokumente/Programmierung/Echtzeitsystem Git/RTOS/Core/Src/syscalls.c:123:9:_times	16	static
/home/martin/Dokumente/Programmierung/Echtzeitsystem Git/RTOS/Core/Src/syscalls.c:128:5:_stat	16	static
/home/martin/Dokumente/Programmierung/Echtzeitsystem Git/RTOS/Core/Src/syscalls.c:134:5:_link	16	static
/home/martin/Dokumente/Programmierung/Echtzeitsystem Git/RTOS/Core/Src/syscalls.c:141:5:_fork	8	static
/home/martin/Dokumente/Programmierung/Echtzeitsystem Git/RTOS/Core/Src/syscalls.c:146:5:_execve	24	static
