Archive member included to satisfy reference by file (symbol)

/usr/lib/gcc/arm-none-eabi/13.2.1/../../../arm-none-eabi/lib/thumb/v7e-m+fp/hard/libg_nano.a(libc_a-init.o)
                              /usr/lib/gcc/arm-none-eabi/13.2.1/../../../arm-none-eabi/lib/thumb/v7e-m+fp/hard/crt0.o (__libc_init_array)
/usr/lib/gcc/arm-none-eabi/13.2.1/../../../arm-none-eabi/lib/thumb/v7e-m+fp/hard/libg_nano.a(libc_a-memset.o)
                              /usr/lib/gcc/arm-none-eabi/13.2.1/../../../arm-none-eabi/lib/thumb/v7e-m+fp/hard/crt0.o (memset)
/usr/lib/gcc/arm-none-eabi/13.2.1/../../../arm-none-eabi/lib/thumb/v7e-m+fp/hard/libg_nano.a(libc_a-errno.o)
                              CMakeFiles/rtos.dir/Core/Src/sysmem.c.obj (__errno)
/usr/lib/gcc/arm-none-eabi/13.2.1/../../../arm-none-eabi/lib/thumb/v7e-m+fp/hard/libg_nano.a(libc_a-exit.o)
                              /usr/lib/gcc/arm-none-eabi/13.2.1/../../../arm-none-eabi/lib/thumb/v7e-m+fp/hard/crt0.o (exit)
/usr/lib/gcc/arm-none-eabi/13.2.1/../../../arm-none-eabi/lib/thumb/v7e-m+fp/hard/libg_nano.a(libc_a-atexit.o)
                              /usr/lib/gcc/arm-none-eabi/13.2.1/../../../arm-none-eabi/lib/thumb/v7e-m+fp/hard/crt0.o (atexit)
/usr/lib/gcc/arm-none-eabi/13.2.1/../../../arm-none-eabi/lib/thumb/v7e-m+fp/hard/libg_nano.a(libc_a-fini.o)
                              /usr/lib/gcc/arm-none-eabi/13.2.1/../../../arm-none-eabi/lib/thumb/v7e-m+fp/hard/crt0.o (__libc_fini_array)
/usr/lib/gcc/arm-none-eabi/13.2.1/../../../arm-none-eabi/lib/thumb/v7e-m+fp/hard/libg_nano.a(libc_a-impure.o)
                              /usr/lib/gcc/arm-none-eabi/13.2.1/../../../arm-none-eabi/lib/thumb/v7e-m+fp/hard/libg_nano.a(libc_a-errno.o) (_impure_ptr)
/usr/lib/gcc/arm-none-eabi/13.2.1/../../../arm-none-eabi/lib/thumb/v7e-m+fp/hard/libg_nano.a(libc_a-findfp.o)
                              /usr/lib/gcc/arm-none-eabi/13.2.1/../../../arm-none-eabi/lib/thumb/v7e-m+fp/hard/libg_nano.a(libc_a-exit.o) (__stdio_exit_handler)
/usr/lib/gcc/arm-none-eabi/13.2.1/../../../arm-none-eabi/lib/thumb/v7e-m+fp/hard/libg_nano.a(libc_a-fflush.o)
                              /usr/lib/gcc/arm-none-eabi/13.2.1/../../../arm-none-eabi/lib/thumb/v7e-m+fp/hard/libg_nano.a(libc_a-findfp.o) (_fflush_r)
/usr/lib/gcc/arm-none-eabi/13.2.1/../../../arm-none-eabi/lib/thumb/v7e-m+fp/hard/libg_nano.a(libc_a-mallocr.o)
                              /usr/lib/gcc/arm-none-eabi/13.2.1/../../../arm-none-eabi/lib/thumb/v7e-m+fp/hard/libg_nano.a(libc_a-findfp.o) (_malloc_r)
/usr/lib/gcc/arm-none-eabi/13.2.1/../../../arm-none-eabi/lib/thumb/v7e-m+fp/hard/libg_nano.a(libc_a-freer.o)
                              /usr/lib/gcc/arm-none-eabi/13.2.1/../../../arm-none-eabi/lib/thumb/v7e-m+fp/hard/libg_nano.a(libc_a-fflush.o) (_free_r)
/usr/lib/gcc/arm-none-eabi/13.2.1/../../../arm-none-eabi/lib/thumb/v7e-m+fp/hard/libg_nano.a(libc_a-fwalk.o)
                              /usr/lib/gcc/arm-none-eabi/13.2.1/../../../arm-none-eabi/lib/thumb/v7e-m+fp/hard/libg_nano.a(libc_a-findfp.o) (_fwalk_sglue)
/usr/lib/gcc/arm-none-eabi/13.2.1/../../../arm-none-eabi/lib/thumb/v7e-m+fp/hard/libg_nano.a(libc_a-__atexit.o)
                              /usr/lib/gcc/arm-none-eabi/13.2.1/../../../arm-none-eabi/lib/thumb/v7e-m+fp/hard/libg_nano.a(libc_a-atexit.o) (__register_exitproc)
/usr/lib/gcc/arm-none-eabi/13.2.1/../../../arm-none-eabi/lib/thumb/v7e-m+fp/hard/libg_nano.a(libc_a-mlock.o)
                              /usr/lib/gcc/arm-none-eabi/13.2.1/../../../arm-none-eabi/lib/thumb/v7e-m+fp/hard/libg_nano.a(libc_a-mallocr.o) (__malloc_lock)
/usr/lib/gcc/arm-none-eabi/13.2.1/../../../arm-none-eabi/lib/thumb/v7e-m+fp/hard/libg_nano.a(libc_a-sbrkr.o)
                              /usr/lib/gcc/arm-none-eabi/13.2.1/../../../arm-none-eabi/lib/thumb/v7e-m+fp/hard/libg_nano.a(libc_a-mallocr.o) (_sbrk_r)
/usr/lib/gcc/arm-none-eabi/13.2.1/../../../arm-none-eabi/lib/thumb/v7e-m+fp/hard/libg_nano.a(libc_a-stdio.o)
                              /usr/lib/gcc/arm-none-eabi/13.2.1/../../../arm-none-eabi/lib/thumb/v7e-m+fp/hard/libg_nano.a(libc_a-findfp.o) (__sread)
/usr/lib/gcc/arm-none-eabi/13.2.1/../../../arm-none-eabi/lib/thumb/v7e-m+fp/hard/libg_nano.a(libc_a-closer.o)
                              /usr/lib/gcc/arm-none-eabi/13.2.1/../../../arm-none-eabi/lib/thumb/v7e-m+fp/hard/libg_nano.a(libc_a-stdio.o) (_close_r)
/usr/lib/gcc/arm-none-eabi/13.2.1/../../../arm-none-eabi/lib/thumb/v7e-m+fp/hard/libg_nano.a(libc_a-__call_atexit.o)
                              /usr/lib/gcc/arm-none-eabi/13.2.1/../../../arm-none-eabi/lib/thumb/v7e-m+fp/hard/libg_nano.a(libc_a-__atexit.o) (__call_exitprocs)
/usr/lib/gcc/arm-none-eabi/13.2.1/../../../arm-none-eabi/lib/thumb/v7e-m+fp/hard/libg_nano.a(libc_a-readr.o)
                              /usr/lib/gcc/arm-none-eabi/13.2.1/../../../arm-none-eabi/lib/thumb/v7e-m+fp/hard/libg_nano.a(libc_a-stdio.o) (_read_r)
/usr/lib/gcc/arm-none-eabi/13.2.1/../../../arm-none-eabi/lib/thumb/v7e-m+fp/hard/libg_nano.a(libc_a-reent.o)
[...]
Memory Configuration

Name             Origin             Length             Attributes
RAM              0x20000000         0x00018000         xrw
RAM2             0x10000000         0x00008000         xrw
FLASH            0x08000000         0x00100000         xr
*default*        0x00000000         0xffffffff

Linker script and memory map

LOAD /usr/lib/gcc/arm-none-eabi/13.2.1/thumb/v7e-m+fp/hard/crti.o
LOAD /usr/lib/gcc/arm-none-eabi/13.2.1/thumb/v7e-m+fp/hard/crtbegin.o
LOAD /usr/lib/gcc/arm-none-eabi/13.2.1/../../../arm-none-eabi/lib/thumb/v7e-m+fp/hard/crt0.o
LOAD cmake/stm32cubemx/CMakeFiles/STM32_Drivers.dir/__/__/Core/Src/system_stm32l4xx.c.obj
LOAD cmake/stm32cubemx/CMakeFiles/STM32_Drivers.dir/__/__/Drivers/STM32L4xx_HAL_Driver/Src/stm32l4xx_hal.c.obj
LOAD cmake/stm32cubemx/CMakeFiles/STM32_Drivers.dir/__/__/Drivers/STM32L4xx_HAL_Driver/Src/stm32l4xx_hal_rcc.c.obj
LOAD cmake/stm32cubemx/CMakeFiles/STM32_Drivers.dir/__/__/Drivers/STM32L4xx_HAL_Driver/Src/stm32l4xx_hal_rcc_ex.c.obj
LOAD cmake/stm32cubemx/CMakeFiles/STM32_Drivers.dir/__/__/Drivers/STM32L4xx_HAL_Driver/Src/stm32l4xx_hal_flash.c.obj
LOAD cmake/stm32cubemx/CMakeFiles/STM32_Drivers.dir/__/__/Drivers/STM32L4xx_HAL_Driver/Src/stm32l4xx_hal_flash_ex.c.obj
LOAD cmake/stm32cubemx/CMakeFiles/STM32_Drivers.dir/__/__/Drivers/STM32L4xx_HAL_Driver/Src/stm32l4xx_hal_flash_ramfunc.c.obj
LOAD cmake/stm32cubemx/CMakeFiles/STM32_Drivers.dir/__/__/Drivers/STM32L4xx_HAL_Driver/Src/stm32l4xx_hal_gpio.c.obj
LOAD cmake/stm32cubemx/CMakeFiles/STM32_Drivers.dir/__/__/Drivers/STM32L4xx_HAL_Driver/Src/stm32l4xx_hal_i2c.c.obj
LOAD cmake/stm32cubemx/CMakeFiles/STM32_Drivers.dir/__/__/Drivers/STM32L4xx_HAL_Driver/Src/stm32l4xx_hal_i2c_ex.c.obj
LOAD cmake/stm32cubemx/CMakeFiles/STM32_Drivers.dir/__/__/Drivers/STM32L4xx_HAL_Driver/Src/stm32l4xx_hal_dma.c.obj
LOAD cmake/stm32cubemx/CMakeFiles/STM32_Drivers.dir/__/__/Drivers/STM32L4xx_HAL_Driver/Src/stm32l4xx_hal_dma_ex.c.obj
LOAD cmake/stm32cubemx/CMakeFiles/STM32_Drivers.dir/__/__/Drivers/STM32L4xx_HAL_Driver/Src/stm32l4xx_hal_pwr.c.obj
LOAD cmake/stm32cubemx/CMakeFiles/STM32_Drivers.dir/__/__/Drivers/STM32L4xx_HAL_Driver/Src/stm32l4xx_hal_pwr_ex.c.obj
LOAD cmake/stm32cubemx/CMakeFiles/STM32_Drivers.dir/__/__/Drivers/STM32L4xx_HAL_Driver/Src/stm32l4xx_hal_cortex.c.obj
LOAD cmake/stm32cubemx/CMakeFiles/STM32_Drivers.dir/__/__/Drivers/STM32L4xx_HAL_Driver/Src/stm32l4xx_hal_exti.c.obj
LOAD CMakeFiles/rtos.dir/Core/Src/main.c.obj
LOAD CMakeFiles/rtos.dir/Core/Src/stm32l4xx_it.c.obj
LOAD CMakeFiles/rtos.dir/Core/Src/stm32l4xx_hal_msp.c.obj
LOAD CMakeFiles/rtos.dir/Core/Src/sysmem.c.obj
LOAD CMakeFiles/rtos.dir/Core/Src/syscalls.c.obj
LOAD CMakeFiles/rtos.dir/startup_stm32l475xx.s.obj
LOAD /usr/lib/gcc/arm-none-eabi/13.2.1/../../../arm-none-eabi/lib/thumb/v7e-m+fp/hard/libm.a
START GROUP
LOAD /usr/lib/gcc/arm-none-eabi/13.2.1/thumb/v7e-m+fp/hard/libgcc.a
LOAD /usr/lib/gcc/arm-none-eabi/13.2.1/../../../arm-none-eabi/lib/thumb/v7e-m+fp/hard/libg_nano.a
LOAD /usr/lib/gcc/arm-none-eabi/13.2.1/../../../arm-none-eabi/lib/thumb/v7e-m+fp/hard/libc_nano.a
END GROUP
START GROUP
LOAD /usr/lib/gcc/arm-none-eabi/13.2.1/thumb/v7e-m+fp/hard/libgcc.a
LOAD /usr/lib/gcc/arm-none-eabi/13.2.1/../../../arm-none-eabi/lib/thumb/v7e-m+fp/hard/libc_nano.a
END GROUP
LOAD /usr/lib/gcc/arm-none-eabi/13.2.1/thumb/v7e-m+fp/hard/crtend.o
LOAD /usr/lib/gcc/arm-none-eabi/13.2.1/thumb/v7e-m+fp/hard/crtn.o
                0x20018000                        _estack = (ORIGIN (RAM) + LENGTH (RAM))
                0x00000200                        _Min_Heap_Size = 0x200
                0x00000400                        _Min_Stack_Size = 0x400

.isr_vector     0x08000000      0x188
                0x08000000                        . = ALIGN (0x8)
 *(.isr_vector)
 .isr_vector    0x08000000      0x188 CMakeFiles/rtos.dir/startup_stm32l475xx.s.obj
                0x08000000                g_pfnVectors
                0x08000188                        . = ALIGN (0x8)

.text           0x08000188     0x1268
                0x08000188                        . = ALIGN (0x8)
 *(.text)
 .text          0x08000188       0x88 /usr/lib/gcc/arm-none-eabi/13.2.1/thumb/v7e-m+fp/hard/crtbegin.o
 .text          0x08000210       0x50 /usr/lib/gcc/arm-none-eabi/13.2.1/../../../arm-none-eabi/lib/thumb/v7e-m+fp/hard/libg_nano.a(libc_a-init.o)
                0x08000210                __libc_init_array
 .text          0x08000260       0xa4 /usr/lib/gcc/arm-none-eabi/13.2.1/../../../arm-none-eabi/lib/thumb/v7e-m+fp/hard/libg_nano.a(libc_a-memset.o)
                0x08000260                memset
 *(.text*)
 .text.SystemInit
                0x08000304       0x24 cmake/stm32cubemx/CMakeFiles/STM32_Drivers.dir/__/__/Core/Src/system_stm32l4xx.c.obj
                0x08000304                SystemInit
 .text.HAL_Init
                0x08000328       0x30 cmake/stm32cubemx/CMakeFiles/STM32_Drivers.dir/__/__/Drivers/STM32L4xx_HAL_Driver/Src/stm32l4xx_hal.c.obj
                0x08000328                HAL_Init
 .text.HAL_InitTick
                0x08000358       0x78 cmake/stm32cubemx/CMakeFiles/STM32_Drivers.dir/__/__/Drivers/STM32L4xx_HAL_Driver/Src/stm32l4xx_hal.c.obj
                0x08000358                HAL_InitTick
 .text.HAL_IncTick
                0x080003d0       0x28 cmake/stm32cubemx/CMakeFiles/STM32_Drivers.dir/__/__/Drivers/STM32L4xx_HAL_Driver/Src/stm32l4xx_hal.c.obj
                0x080003d0                HAL_IncTick
 .text.HAL_GetTick
                0x080003f8       0x18 cmake/stm32cubemx/CMakeFiles/STM32_Drivers.dir/__/__/Drivers/STM32L4xx_HAL_Driver/Src/stm32l4xx_hal.c.obj
                0x080003f8                HAL_GetTick
 .text.HAL_RCC_OscConfig
                0x08000410      0x7b8 cmake/stm32cubemx/CMakeFiles/STM32_Drivers.dir/__/__/Drivers/STM32L4xx_HAL_Driver/Src/stm32l4xx_hal_rcc.c.obj
                0x08000410                HAL_RCC_OscConfig
 .text.HAL_RCC_ClockConfig
                0x08000bc8      0x200 cmake/stm32cubemx/CMakeFiles/STM32_Drivers.dir/__/__/Drivers/STM32L4xx_HAL_Driver/Src/stm32l4xx_hal_rcc.c.obj
                0x08000bc8                HAL_RCC_ClockConfig
 .text.HAL_RCC_GetSysClockFreq
                0x08000dc8      0x118 cmake/stm32cubemx/CMakeFiles/STM32_Drivers.dir/__/__/Drivers/STM32L4xx_HAL_Driver/Src/stm32l4xx_hal_rcc.c.obj
                0x08000dc8                HAL_RCC_GetSysClockFreq
 .text.RCC_SetFlashLatencyFromMSIRange
                0x08000ee0       0xc0 cmake/stm32cubemx/CMakeFiles/STM32_Drivers.dir/__/__/Drivers/STM32L4xx_HAL_Driver/Src/stm32l4xx_hal_rcc.c.obj
 .text.HAL_PWREx_GetVoltageRange
                0x08000fa0       0x1c cmake/stm32cubemx/CMakeFiles/STM32_Drivers.dir/__/__/Drivers/STM32L4xx_HAL_Driver/Src/stm32l4xx_hal_pwr_ex.c.obj
                0x08000fa0                HAL_PWREx_GetVoltageRange
 .text.HAL_PWREx_ControlVoltageScaling
                0x08000fbc       0xac cmake/stm32cubemx/CMakeFiles/STM32_Drivers.dir/__/__/Drivers/STM32L4xx_HAL_Driver/Src/stm32l4xx_hal_pwr_ex.c.obj
                0x08000fbc                HAL_PWREx_ControlVoltageScaling
 .text.__NVIC_SetPriorityGrouping
                0x08001068       0x48 cmake/stm32cubemx/CMakeFiles/STM32_Drivers.dir/__/__/Drivers/STM32L4xx_HAL_Driver/Src/stm32l4xx_hal_cortex.c.obj
 .text.__NVIC_GetPriorityGrouping
                0x080010b0       0x1c cmake/stm32cubemx/CMakeFiles/STM32_Drivers.dir/__/__/Drivers/STM32L4xx_HAL_Driver/Src/stm32l4xx_hal_cortex.c.obj
 .text.__NVIC_SetPriority
                0x080010cc       0x54 cmake/stm32cubemx/CMakeFiles/STM32_Drivers.dir/__/__/Drivers/STM32L4xx_HAL_Driver/Src/stm32l4xx_hal_cortex.c.obj
 .text.NVIC_EncodePriority
                0x08001120       0x66 cmake/stm32cubemx/CMakeFiles/STM32_Drivers.dir/__/__/Drivers/STM32L4xx_HAL_Driver/Src/stm32l4xx_hal_cortex.c.obj
 *fill*         0x08001186        0x2 
 .text.SysTick_Config
                0x08001188       0x44 cmake/stm32cubemx/CMakeFiles/STM32_Drivers.dir/__/__/Drivers/STM32L4xx_HAL_Driver/Src/stm32l4xx_hal_cortex.c.obj
 .text.HAL_NVIC_SetPriorityGrouping
                0x080011cc       0x16 cmake/stm32cubemx/CMakeFiles/STM32_Drivers.dir/__/__/Drivers/STM32L4xx_HAL_Driver/Src/stm32l4xx_hal_cortex.c.obj
                0x080011cc                HAL_NVIC_SetPriorityGrouping
 .text.HAL_NVIC_SetPriority
                0x080011e2       0x38 cmake/stm32cubemx/CMakeFiles/STM32_Drivers.dir/__/__/Drivers/STM32L4xx_HAL_Driver/Src/stm32l4xx_hal_cortex.c.obj
                0x080011e2                HAL_NVIC_SetPriority
 .text.HAL_SYSTICK_Config
                0x0800121a       0x18 cmake/stm32cubemx/CMakeFiles/STM32_Drivers.dir/__/__/Drivers/STM32L4xx_HAL_Driver/Src/stm32l4xx_hal_cortex.c.obj
                0x0800121a                HAL_SYSTICK_Config
 .text.main     0x08001232       0x10 CMakeFiles/rtos.dir/Core/Src/main.c.obj
                0x08001232                main
 .text.SystemClock_Config
                0x08001242       0x8c CMakeFiles/rtos.dir/Core/Src/main.c.obj
                0x08001242                SystemClock_Config
 .text.Error_Handler
                0x080012ce        0xc CMakeFiles/rtos.dir/Core/Src/main.c.obj
                0x080012ce                Error_Handler
 .text.NMI_Handler
                0x080012da        0x8 CMakeFiles/rtos.dir/Core/Src/stm32l4xx_it.c.obj
                0x080012da                NMI_Handler
 .text.HardFault_Handler
                0x080012e2        0x8 CMakeFiles/rtos.dir/Core/Src/stm32l4xx_it.c.obj
                0x080012e2                HardFault_Handler
 .text.MemManage_Handler
                0x080012ea        0x8 CMakeFiles/rtos.dir/Core/Src/stm32l4xx_it.c.obj
                0x080012ea                MemManage_Handler
 .text.BusFault_Handler
                0x080012f2        0x8 CMakeFiles/rtos.dir/Core/Src/stm32l4xx_it.c.obj
                0x080012f2                BusFault_Handler
 .text.UsageFault_Handler
                0x080012fa        0x8 CMakeFiles/rtos.dir/Core/Src/stm32l4xx_it.c.obj
                0x080012fa                UsageFault_Handler
 .text.SVC_Handler
                0x08001302        0xe CMakeFiles/rtos.dir/Core/Src/stm32l4xx_it.c.obj
                0x08001302                SVC_Handler
 .text.DebugMon_Handler
                0x08001310        0xe CMakeFiles/rtos.dir/Core/Src/stm32l4xx_it.c.obj
                0x08001310                DebugMon_Handler
 .text.PendSV_Handler
                0x0800131e        0xe CMakeFiles/rtos.dir/Core/Src/stm32l4xx_it.c.obj
                0x0800131e                PendSV_Handler
 .text.SysTick_Handler
                0x0800132c        0xc CMakeFiles/rtos.dir/Core/Src/stm32l4xx_it.c.obj
                0x0800132c                SysTick_Handler
 .text.HAL_MspInit
                0x08001338       0x48 CMakeFiles/rtos.dir/Core/Src/stm32l4xx_hal_msp.c.obj
                0x08001338                HAL_MspInit
 .text.Reset_Handler
                0x08001380       0x50 CMakeFiles/rtos.dir/startup_stm32l475xx.s.obj
                0x08001380                Reset_Handler
 .text.Default_Handler
                0x080013d0        0x2 CMakeFiles/rtos.dir/startup_stm32l475xx.s.obj
                0x080013d0                RTC_Alarm_IRQHandler
                0x080013d0                EXTI2_IRQHandler
                0x080013d0                TIM8_TRG_COM_IRQHandler
                0x080013d0                TIM8_CC_IRQHandler
                0x080013d0                TIM1_CC_IRQHandler
                0x080013d0                TSC_IRQHandler
                0x080013d0                TAMP_STAMP_IRQHandler
                0x080013d0                EXTI3_IRQHandler
                0x080013d0                LPTIM2_IRQHandler
                0x080013d0                DFSDM1_FLT1_IRQHandler
                0x080013d0                I2C3_ER_IRQHandler
                0x080013d0                DFSDM1_FLT2_IRQHandler
                0x080013d0                EXTI0_IRQHandler
                0x080013d0                I2C2_EV_IRQHandler
                0x080013d0                CAN1_RX0_IRQHandler
                0x080013d0                FPU_IRQHandler
                0x080013d0                TIM1_UP_TIM16_IRQHandler
                0x080013d0                ADC1_2_IRQHandler
                0x080013d0                SPI1_IRQHandler
                0x080013d0                TIM6_DAC_IRQHandler
                0x080013d0                TIM8_UP_IRQHandler
                0x080013d0                DMA2_Channel2_IRQHandler
                0x080013d0                DMA1_Channel4_IRQHandler
                0x080013d0                SAI2_IRQHandler
                0x080013d0                DFSDM1_FLT3_IRQHandler
                0x080013d0                USART3_IRQHandler
                0x080013d0                DMA1_Channel7_IRQHandler
                0x080013d0                CAN1_RX1_IRQHandler
                0x080013d0                UART5_IRQHandler
                0x080013d0                ADC3_IRQHandler
                0x080013d0                TIM4_IRQHandler
                0x080013d0                DMA2_Channel1_IRQHandler
                0x080013d0                QUADSPI_IRQHandler
                0x080013d0                I2C1_EV_IRQHandler
                0x080013d0                DMA1_Channel6_IRQHandler
                0x080013d0                UART4_IRQHandler
                0x080013d0                DMA2_Channel4_IRQHandler
                0x080013d0                TIM3_IRQHandler
                0x080013d0                RCC_IRQHandler
                0x080013d0                DMA1_Channel1_IRQHandler
                0x080013d0                Default_Handler
                0x080013d0                DMA2_Channel7_IRQHandler
                0x080013d0                EXTI15_10_IRQHandler
                0x080013d0                TIM7_IRQHandler
                0x080013d0                SDMMC1_IRQHandler
                0x080013d0                TIM5_IRQHandler
                0x080013d0                I2C3_EV_IRQHandler
                0x080013d0                EXTI9_5_IRQHandler
                0x080013d0                RTC_WKUP_IRQHandler
                0x080013d0                PVD_PVM_IRQHandler
                0x080013d0                SPI2_IRQHandler
                0x080013d0                CAN1_TX_IRQHandler
                0x080013d0                DMA2_Channel5_IRQHandler
                0x080013d0                DMA1_Channel5_IRQHandler
                0x080013d0                EXTI4_IRQHandler
                0x080013d0                RNG_IRQHandler
                0x080013d0                TIM1_TRG_COM_TIM17_IRQHandler
                0x080013d0                DMA1_Channel3_IRQHandler
                0x080013d0                COMP_IRQHandler
                0x080013d0                WWDG_IRQHandler
                0x080013d0                LPUART1_IRQHandler
                0x080013d0                DMA2_Channel6_IRQHandler
                0x080013d0                TIM2_IRQHandler
                0x080013d0                EXTI1_IRQHandler
                0x080013d0                USART2_IRQHandler
                0x080013d0                DFSDM1_FLT0_IRQHandler
                0x080013d0                I2C2_ER_IRQHandler
                0x080013d0                DMA1_Channel2_IRQHandler
                0x080013d0                TIM8_BRK_IRQHandler
                0x080013d0                CAN1_SCE_IRQHandler
                0x080013d0                FLASH_IRQHandler
                0x080013d0                USART1_IRQHandler
                0x080013d0                OTG_FS_IRQHandler
                0x080013d0                SPI3_IRQHandler
                0x080013d0                I2C1_ER_IRQHandler
                0x080013d0                FMC_IRQHandler
                0x080013d0                SWPMI1_IRQHandler
                0x080013d0                LPTIM1_IRQHandler
                0x080013d0                SAI1_IRQHandler
                0x080013d0                DMA2_Channel3_IRQHandler
                0x080013d0                TIM1_BRK_TIM15_IRQHandler
 *(.glue_7)
 .glue_7        0x080013d2        0x0 linker stubs
 *(.glue_7t)
 .glue_7t       0x080013d2        0x0 linker stubs
 *(.eh_frame)
 *fill*         0x080013d2        0x2 
 .eh_frame      0x080013d4        0x0 /usr/lib/gcc/arm-none-eabi/13.2.1/thumb/v7e-m+fp/hard/crtbegin.o
 *(.init)
 .init          0x080013d4        0x4 /usr/lib/gcc/arm-none-eabi/13.2.1/thumb/v7e-m+fp/hard/crti.o
                0x080013d4                _init
 .init          0x080013d8        0x8 /usr/lib/gcc/arm-none-eabi/13.2.1/thumb/v7e-m+fp/hard/crtn.o
 *(.fini)
 .fini          0x080013e0        0x4 /usr/lib/gcc/arm-none-eabi/13.2.1/thumb/v7e-m+fp/hard/crti.o
                0x080013e0                _fini
 .fini          0x080013e4        0x8 /usr/lib/gcc/arm-none-eabi/13.2.1/thumb/v7e-m+fp/hard/crtn.o
                0x080013f0                        . = ALIGN (0x8)
 *fill*         0x080013ec        0x4 
                0x080013f0                        _etext = .

.vfp11_veneer   0x080013f0        0x0
 .vfp11_veneer  0x080013f0        0x0 linker stubs

.v4_bx          0x080013f0        0x0
 .v4_bx         0x080013f0        0x0 linker stubs

.iplt           0x080013f0        0x0
 .iplt          0x080013f0        0x0 /usr/lib/gcc/arm-none-eabi/13.2.1/thumb/v7e-m+fp/hard/crtbegin.o

.rodata         0x080013f0       0x40
                0x080013f0                        . = ALIGN (0x8)
 *(.rodata)
 *(.rodata*)
 .rodata.AHBPrescTable
                0x080013f0       0x10 cmake/stm32cubemx/CMakeFiles/STM32_Drivers.dir/__/__/Core/Src/system_stm32l4xx.c.obj
                0x080013f0                AHBPrescTable
 .rodata.MSIRangeTable
                0x08001400       0x30 cmake/stm32cubemx/CMakeFiles/STM32_Drivers.dir/__/__/Core/Src/system_stm32l4xx.c.obj
                0x08001400                MSIRangeTable
                0x08001430                        . = ALIGN (0x8)

.ARM.extab      0x08001430        0x0
                0x08001430                        . = ALIGN (0x8)
 *(.ARM.extab* .gnu.linkonce.armextab.*)
                0x08001430                        . = ALIGN (0x8)

.ARM            0x08001430        0x0
                0x08001430                        . = ALIGN (0x8)
                0x08001430                        __exidx_start = .
 *(.ARM.exidx*)
                0x08001430                        __exidx_end = .
                0x08001430                        . = ALIGN (0x8)

.preinit_array  0x08001430        0x0
                0x08001430                        . = ALIGN (0x8)
                0x08001430                        PROVIDE (__preinit_array_start = .)
 *(.preinit_array*)
                0x08001430                        PROVIDE (__preinit_array_end = .)
                0x08001430                        . = ALIGN (0x8)

.init_array     0x08001430        0x8
                0x08001430                        . = ALIGN (0x8)
                0x08001430                        PROVIDE (__init_array_start = .)
 *(SORT_BY_NAME(.init_array.*))
 *(.init_array*)
 .init_array    0x08001430        0x4 /usr/lib/gcc/arm-none-eabi/13.2.1/thumb/v7e-m+fp/hard/crtbegin.o
                0x08001434                        PROVIDE (__init_array_end = .)
                0x08001438                        . = ALIGN (0x8)
 *fill*         0x08001434        0x4 

.fini_array     0x08001438        0x8
                0x08001438                        . = ALIGN (0x8)
                0x08001438                        PROVIDE (__fini_array_start = .)
 *(SORT_BY_NAME(.fini_array.*))
 *(.fini_array*)
 .fini_array    0x08001438        0x4 /usr/lib/gcc/arm-none-eabi/13.2.1/thumb/v7e-m+fp/hard/crtbegin.o
                0x0800143c                        PROVIDE (__fini_array_end = .)
                0x08001440                        . = ALIGN (0x8)
 *fill*         0x0800143c        0x4 
                0x08001440                        _sidata = LOADADDR (.data)

.rel.dyn        0x08001440        0x0
 .rel.iplt      0x08001440        0x0 /usr/lib/gcc/arm-none-eabi/13.2.1/thumb/v7e-m+fp/hard/crtbegin.o

.data           0x20000000       0x10 load address 0x08001440
                0x20000000                        . = ALIGN (0x8)
                0x20000000                        _sdata = .
 *(.data)
 *(.data*)
 .data.SystemCoreClock
                0x20000000        0x4 cmake/stm32cubemx/CMakeFiles/STM32_Drivers.dir/__/__/Core/Src/system_stm32l4xx.c.obj
                0x20000000                SystemCoreClock
 .data.uwTickPrio
                0x20000004        0x4 cmake/stm32cubemx/CMakeFiles/STM32_Drivers.dir/__/__/Drivers/STM32L4xx_HAL_Driver/Src/stm32l4xx_hal.c.obj
                0x20000004                uwTickPrio
 .data.uwTickFreq
                0x20000008        0x1 cmake/stm32cubemx/CMakeFiles/STM32_Drivers.dir/__/__/Drivers/STM32L4xx_HAL_Driver/Src/stm32l4xx_hal.c.obj
                0x20000008                uwTickFreq
 *(.RamFunc)
 *(.RamFunc*)
                0x20000010                        . = ALIGN (0x8)
 *fill*         0x20000009        0x7 

.tm_clone_table
                0x20000010        0x0 load address 0x08001450
 .tm_clone_table
                0x20000010        0x0 /usr/lib/gcc/arm-none-eabi/13.2.1/thumb/v7e-m+fp/hard/crtbegin.o
 .tm_clone_table
                0x20000010        0x0 /usr/lib/gcc/arm-none-eabi/13.2.1/thumb/v7e-m+fp/hard/crtend.o

.igot.plt       0x20000010        0x0 load address 0x08001450
 .igot.plt      0x20000010        0x0 /usr/lib/gcc/arm-none-eabi/13.2.1/thumb/v7e-m+fp/hard/crtbegin.o

.tdata          0x20000010        0x0 load address 0x08001450
 *(.tdata .tdata.* .gnu.linkonce.td.*)
                0x20000010                        . = ALIGN (0x4)
                0x20000010                        _edata = .
                [!provide]                        PROVIDE (__data_end = .)
                [!provide]                        PROVIDE (__tdata_end = .)
                [!provide]                        PROVIDE (__tdata_start = ADDR (.tdata))
                [!provide]                        PROVIDE (__tdata_size = (__tdata_end - __tdata_start))
                [!provide]                        PROVIDE (__data_start = ADDR (.data))
                [!provide]                        PROVIDE (__data_size = (__data_end - __data_start))
                [!provide]                        PROVIDE (__tdata_source = LOADADDR (.tdata))
                [!provide]                        PROVIDE (__tdata_source_end = (LOADADDR (.tdata) + SIZEOF (.tdata)))
                [!provide]                        PROVIDE (__tdata_source_size = (__tdata_source_end - __tdata_source))
                [!provide]                        PROVIDE (__data_source = LOADADDR (.data))
                [!provide]                        PROVIDE (__data_source_end = __tdata_source_end)
                [!provide]                        PROVIDE (__data_source_size = (__data_source_end - __data_source))

.tbss           0x20000010        0x0 load address 0x08001450
                0x20000010                        _sbss = .
                0x20000010                        __bss_start__ = _sbss
 *(.tbss .tbss.*)
                0x20000010                        . = ALIGN (0x4)
                [!provide]                        PROVIDE (__tbss_end = .)
                [!provide]                        PROVIDE (__tbss_start = ADDR (.tbss))
                [!provide]                        PROVIDE (__tbss_size = (__tbss_end - __tbss_start))
                [!provide]                        PROVIDE (__tbss_offset = (ADDR (.tbss) - ADDR (.tdata)))
                [!provide]                        PROVIDE (__tls_base = __tdata_start)
                [!provide]                        PROVIDE (__tls_end = __tbss_end)
                [!provide]                        PROVIDE (__tls_size = (__tls_end - __tls_base))
                [!provide]                        PROVIDE (__tls_align = MAX (ALIGNOF (.tdata), ALIGNOF (.tbss)))
                [!provide]                        PROVIDE (__tls_size_align = (((__tls_size + __tls_align) - 0x1) & ~ ((__tls_align - 0x1))))
                [!provide]                        PROVIDE (__arm32_tls_tcb_offset = MAX (0x8, __tls_align))
                [!provide]                        PROVIDE (__arm64_tls_tcb_offset = MAX (0x10, __tls_align))

.bss            0x20000010       0x20 load address 0x08001450
 *(.bss)
 .bss           0x20000010       0x1c /usr/lib/gcc/arm-none-eabi/13.2.1/thumb/v7e-m+fp/hard/crtbegin.o
 *(.bss*)
 .bss.uwTick    0x2000002c        0x4 cmake/stm32cubemx/CMakeFiles/STM32_Drivers.dir/__/__/Drivers/STM32L4xx_HAL_Driver/Src/stm32l4xx_hal.c.obj
                0x2000002c                uwTick
 *(COMMON)
                0x20000030                        . = ALIGN (0x4)
                0x20000030                        _ebss = .
                0x20000030                        __bss_end__ = _ebss
                [!provide]                        PROVIDE (__bss_end = .)
                [!provide]                        PROVIDE (__non_tls_bss_start = ADDR (.bss))
                [!provide]                        PROVIDE (__bss_start = __tbss_start)
                [!provide]                        PROVIDE (__bss_size = (__bss_end - __bss_start))

._user_heap_stack
                0x20000030      0x600 load address 0x08001450
                0x20000030                        . = ALIGN (0x8)
                [!provide]                        PROVIDE (end = .)
                0x20000030                        PROVIDE (_end = .)
                0x20000230                        . = (. + _Min_Heap_Size)
 *fill*         0x20000030      0x200 
                0x20000630                        . = (. + _Min_Stack_Size)
 *fill*         0x20000230      0x400 
                0x20000630                        . = ALIGN (0x8)

/DISCARD/
 libc.a:*(*)
 libm.a:*(*)
 libgcc.a:*(*)
OUTPUT(rtos.elf elf32-littlearm)
LOAD linker stubs

.ARM.attributes
                0x00000000       0x30
 .ARM.attributes
                0x00000000       0x22 /usr/lib/gcc/arm-none-eabi/13.2.1/thumb/v7e-m+fp/hard/crti.o
 .ARM.attributes
                0x00000022       0x34 /usr/lib/gcc/arm-none-eabi/13.2.1/thumb/v7e-m+fp/hard/crtbegin.o
 .ARM.attributes
                0x00000056       0x34 cmake/stm32cubemx/CMakeFiles/STM32_Drivers.dir/__/__/Core/Src/system_stm32l4xx.c.obj
 .ARM.attributes
                0x0000008a       0x34 cmake/stm32cubemx/CMakeFiles/STM32_Drivers.dir/__/__/Drivers/STM32L4xx_HAL_Driver/Src/stm32l4xx_hal.c.obj
 .ARM.attributes
                0x000000be       0x34 cmake/stm32cubemx/CMakeFiles/STM32_Drivers.dir/__/__/Drivers/STM32L4xx_HAL_Driver/Src/stm32l4xx_hal_rcc.c.obj
 .ARM.attributes
                0x000000f2       0x34 cmake/stm32cubemx/CMakeFiles/STM32_Drivers.dir/__/__/Drivers/STM32L4xx_HAL_Driver/Src/stm32l4xx_hal_pwr_ex.c.obj
 .ARM.attributes
                0x00000126       0x34 cmake/stm32cubemx/CMakeFiles/STM32_Drivers.dir/__/__/Drivers/STM32L4xx_HAL_Driver/Src/stm32l4xx_hal_cortex.c.obj
 .ARM.attributes
                0x0000015a       0x34 CMakeFiles/rtos.dir/Core/Src/main.c.obj
 .ARM.attributes
                0x0000018e       0x34 CMakeFiles/rtos.dir/Core/Src/stm32l4xx_it.c.obj
 .ARM.attributes
                0x000001c2       0x34 CMakeFiles/rtos.dir/Core/Src/stm32l4xx_hal_msp.c.obj
 .ARM.attributes
                0x000001f6       0x21 CMakeFiles/rtos.dir/startup_stm32l475xx.s.obj
 .ARM.attributes
                0x00000217       0x34 /usr/lib/gcc/arm-none-eabi/13.2.1/../../../arm-none-eabi/lib/thumb/v7e-m+fp/hard/libg_nano.a(libc_a-init.o)
 .ARM.attributes
                0x0000024b       0x34 /usr/lib/gcc/arm-none-eabi/13.2.1/../../../arm-none-eabi/lib/thumb/v7e-m+fp/hard/libg_nano.a(libc_a-memset.o)
 .ARM.attributes
                0x0000027f       0x34 /usr/lib/gcc/arm-none-eabi/13.2.1/thumb/v7e-m+fp/hard/crtend.o
 .ARM.attributes
                0x000002b3       0x22 /usr/lib/gcc/arm-none-eabi/13.2.1/thumb/v7e-m+fp/hard/crtn.o

.comment        0x00000000       0x26
 .comment       0x00000000       0x26 /usr/lib/gcc/arm-none-eabi/13.2.1/thumb/v7e-m+fp/hard/crtbegin.o
                                 0x27 (size before relaxing)
 .comment       0x00000026       0x27 cmake/stm32cubemx/CMakeFiles/STM32_Drivers.dir/__/__/Core/Src/system_stm32l4xx.c.obj
 .comment       0x00000026       0x27 cmake/stm32cubemx/CMakeFiles/STM32_Drivers.dir/__/__/Drivers/STM32L4xx_HAL_Driver/Src/stm32l4xx_hal.c.obj
 .comment       0x00000026       0x27 cmake/stm32cubemx/CMakeFiles/STM32_Drivers.dir/__/__/Drivers/STM32L4xx_HAL_Driver/Src/stm32l4xx_hal_rcc.c.obj
 .comment       0x00000026       0x27 cmake/stm32cubemx/CMakeFiles/STM32_Drivers.dir/__/__/Drivers/STM32L4xx_HAL_Driver/Src/stm32l4xx_hal_pwr_ex.c.obj
 .comment       0x00000026       0x27 cmake/stm32cubemx/CMakeFiles/STM32_Drivers.dir/__/__/Drivers/STM32L4xx_HAL_Driver/Src/stm32l4xx_hal_cortex.c.obj
 .comment       0x00000026       0x27 CMakeFiles/rtos.dir/Core/Src/main.c.obj
 .comment       0x00000026       0x27 CMakeFiles/rtos.dir/Core/Src/stm32l4xx_it.c.obj
 .comment       0x00000026       0x27 CMakeFiles/rtos.dir/Core/Src/stm32l4xx_hal_msp.c.obj
 .comment       0x00000026       0x27 /usr/lib/gcc/arm-none-eabi/13.2.1/../../../arm-none-eabi/lib/thumb/v7e-m+fp/hard/libg_nano.a(libc_a-init.o)
 .comment       0x00000026       0x27 /usr/lib/gcc/arm-none-eabi/13.2.1/../../../arm-none-eabi/lib/thumb/v7e-m+fp/hard/libg_nano.a(libc_a-memset.o)
 .comment       0x00000026       0x27 /usr/lib/gcc/arm-none-eabi/13.2.1/thumb/v7e-m+fp/hard/crtend.o

.debug_info     0x00000000     0x3dad
 .debug_info    0x00000000      0x5c0 cmake/stm32cubemx/CMakeFiles/STM32_Drivers.dir/__/__/Core/Src/system_stm32l4xx.c.obj
 .debug_info    0x000005c0      0xb0f cmake/stm32cubemx/CMakeFiles/STM32_Drivers.dir/__/__/Drivers/STM32L4xx_HAL_Driver/Src/stm32l4xx_hal.c.obj
 .debug_info    0x000010cf      0xc21 cmake/stm32cubemx/CMakeFiles/STM32_Drivers.dir/__/__/Drivers/STM32L4xx_HAL_Driver/Src/stm32l4xx_hal_rcc.c.obj
 .debug_info    0x00001cf0      0x98e cmake/stm32cubemx/CMakeFiles/STM32_Drivers.dir/__/__/Drivers/STM32L4xx_HAL_Driver/Src/stm32l4xx_hal_pwr_ex.c.obj
 .debug_info    0x0000267e      0xd83 cmake/stm32cubemx/CMakeFiles/STM32_Drivers.dir/__/__/Drivers/STM32L4xx_HAL_Driver/Src/stm32l4xx_hal_cortex.c.obj
 .debug_info    0x00003401      0x30a CMakeFiles/rtos.dir/Core/Src/main.c.obj
 .debug_info    0x0000370b      0x14b CMakeFiles/rtos.dir/Core/Src/stm32l4xx_it.c.obj
 .debug_info    0x00003856      0x2e7 CMakeFiles/rtos.dir/Core/Src/stm32l4xx_hal_msp.c.obj
 .debug_info    0x00003b3d       0x30 CMakeFiles/rtos.dir/startup_stm32l475xx.s.obj
 .debug_info    0x00003b6d      0x10b /usr/lib/gcc/arm-none-eabi/13.2.1/../../../arm-none-eabi/lib/thumb/v7e-m+fp/hard/libg_nano.a(libc_a-init.o)
 .debug_info    0x00003c78      0x135 /usr/lib/gcc/arm-none-eabi/13.2.1/../../../arm-none-eabi/lib/thumb/v7e-m+fp/hard/libg_nano.a(libc_a-memset.o)

.debug_abbrev   0x00000000      0xff5
 .debug_abbrev  0x00000000      0x12c cmake/stm32cubemx/CMakeFiles/STM32_Drivers.dir/__/__/Core/Src/system_stm32l4xx.c.obj
 .debug_abbrev  0x0000012c      0x243 cmake/stm32cubemx/CMakeFiles/STM32_Drivers.dir/__/__/Drivers/STM32L4xx_HAL_Driver/Src/stm32l4xx_hal.c.obj
 .debug_abbrev  0x0000036f      0x2dc cmake/stm32cubemx/CMakeFiles/STM32_Drivers.dir/__/__/Drivers/STM32L4xx_HAL_Driver/Src/stm32l4xx_hal_rcc.c.obj
 .debug_abbrev  0x0000064b      0x1f9 cmake/stm32cubemx/CMakeFiles/STM32_Drivers.dir/__/__/Drivers/STM32L4xx_HAL_Driver/Src/stm32l4xx_hal_pwr_ex.c.obj
 .debug_abbrev  0x00000844      0x31c cmake/stm32cubemx/CMakeFiles/STM32_Drivers.dir/__/__/Drivers/STM32L4xx_HAL_Driver/Src/stm32l4xx_hal_cortex.c.obj
 .debug_abbrev  0x00000b60      0x167 CMakeFiles/rtos.dir/Core/Src/main.c.obj
 .debug_abbrev  0x00000cc7       0xac CMakeFiles/rtos.dir/Core/Src/stm32l4xx_it.c.obj
 .debug_abbrev  0x00000d73       0xde CMakeFiles/rtos.dir/Core/Src/stm32l4xx_hal_msp.c.obj
 .debug_abbrev  0x00000e51       0x24 CMakeFiles/rtos.dir/startup_stm32l475xx.s.obj
 .debug_abbrev  0x00000e75       0xc9 /usr/lib/gcc/arm-none-eabi/13.2.1/../../../arm-none-eabi/lib/thumb/v7e-m+fp/hard/libg_nano.a(libc_a-init.o)
 .debug_abbrev  0x00000f3e       0xb7 /usr/lib/gcc/arm-none-eabi/13.2.1/../../../arm-none-eabi/lib/thumb/v7e-m+fp/hard/libg_nano.a(libc_a-memset.o)

.debug_aranges  0x00000000      0x578
 .debug_aranges
                0x00000000       0x28 cmake/stm32cubemx/CMakeFiles/STM32_Drivers.dir/__/__/Core/Src/system_stm32l4xx.c.obj
 .debug_aranges
                0x00000028      0x130 cmake/stm32cubemx/CMakeFiles/STM32_Drivers.dir/__/__/Drivers/STM32L4xx_HAL_Driver/Src/stm32l4xx_hal.c.obj
 .debug_aranges
                0x00000158       0x90 cmake/stm32cubemx/CMakeFiles/STM32_Drivers.dir/__/__/Drivers/STM32L4xx_HAL_Driver/Src/stm32l4xx_hal_rcc.c.obj
 .debug_aranges
                0x000001e8      0x150 cmake/stm32cubemx/CMakeFiles/STM32_Drivers.dir/__/__/Drivers/STM32L4xx_HAL_Driver/Src/stm32l4xx_hal_pwr_ex.c.obj
 .debug_aranges
                0x00000338      0x128 cmake/stm32cubemx/CMakeFiles/STM32_Drivers.dir/__/__/Drivers/STM32L4xx_HAL_Driver/Src/stm32l4xx_hal_cortex.c.obj
 .debug_aranges
                0x00000460       0x30 CMakeFiles/rtos.dir/Core/Src/main.c.obj
 .debug_aranges
                0x00000490       0x60 CMakeFiles/rtos.dir/Core/Src/stm32l4xx_it.c.obj
 .debug_aranges
                0x000004f0       0x20 CMakeFiles/rtos.dir/Core/Src/stm32l4xx_hal_msp.c.obj
 .debug_aranges
                0x00000510       0x28 CMakeFiles/rtos.dir/startup_stm32l475xx.s.obj
 .debug_aranges
                0x00000538       0x20 /usr/lib/gcc/arm-none-eabi/13.2.1/../../../arm-none-eabi/lib/thumb/v7e-m+fp/hard/libg_nano.a(libc_a-init.o)
 .debug_aranges
                0x00000558       0x20 /usr/lib/gcc/arm-none-eabi/13.2.1/../../../arm-none-eabi/lib/thumb/v7e-m+fp/hard/libg_nano.a(libc_a-memset.o)

.debug_rnglists
                0x00000000      0x3cc
 .debug_rnglists
                0x00000000       0x1a cmake/stm32cubemx/CMakeFiles/STM32_Drivers.dir/__/__/Core/Src/system_stm32l4xx.c.obj
 .debug_rnglists
                0x0000001a       0xdf cmake/stm32cubemx/CMakeFiles/STM32_Drivers.dir/__/__/Drivers/STM32L4xx_HAL_Driver/Src/stm32l4xx_hal.c.obj
 .debug_rnglists
                0x000000f9       0x6d cmake/stm32cubemx/CMakeFiles/STM32_Drivers.dir/__/__/Drivers/STM32L4xx_HAL_Driver/Src/stm32l4xx_hal_rcc.c.obj
 .debug_rnglists
                0x00000166       0xfd cmake/stm32cubemx/CMakeFiles/STM32_Drivers.dir/__/__/Drivers/STM32L4xx_HAL_Driver/Src/stm32l4xx_hal_pwr_ex.c.obj
 .debug_rnglists
                0x00000263       0xda cmake/stm32cubemx/CMakeFiles/STM32_Drivers.dir/__/__/Drivers/STM32L4xx_HAL_Driver/Src/stm32l4xx_hal_cortex.c.obj
 .debug_rnglists
                0x0000033d       0x20 CMakeFiles/rtos.dir/Core/Src/main.c.obj
 .debug_rnglists
                0x0000035d       0x43 CMakeFiles/rtos.dir/Core/Src/stm32l4xx_it.c.obj
 .debug_rnglists
                0x000003a0       0x13 CMakeFiles/rtos.dir/Core/Src/stm32l4xx_hal_msp.c.obj
 .debug_rnglists
                0x000003b3       0x19 CMakeFiles/rtos.dir/startup_stm32l475xx.s.obj

.debug_macro    0x00000000    0x23bf6
 .debug_macro   0x00000000      0x15e cmake/stm32cubemx/CMakeFiles/STM32_Drivers.dir/__/__/Core/Src/system_stm32l4xx.c.obj
 .debug_macro   0x0000015e      0xad8 cmake/stm32cubemx/CMakeFiles/STM32_Drivers.dir/__/__/Core/Src/system_stm32l4xx.c.obj
 .debug_macro   0x00000c36       0x2e cmake/stm32cubemx/CMakeFiles/STM32_Drivers.dir/__/__/Core/Src/system_stm32l4xx.c.obj
 .debug_macro   0x00000c64       0x28 cmake/stm32cubemx/CMakeFiles/STM32_Drivers.dir/__/__/Core/Src/system_stm32l4xx.c.obj
 .debug_macro   0x00000c8c      0x34e cmake/stm32cubemx/CMakeFiles/STM32_Drivers.dir/__/__/Core/Src/system_stm32l4xx.c.obj
 .debug_macro   0x00000fda       0x1c cmake/stm32cubemx/CMakeFiles/STM32_Drivers.dir/__/__/Core/Src/system_stm32l4xx.c.obj
 .debug_macro   0x00000ff6       0x22 cmake/stm32cubemx/CMakeFiles/STM32_Drivers.dir/__/__/Core/Src/system_stm32l4xx.c.obj
 .debug_macro   0x00001018       0xfb cmake/stm32cubemx/CMakeFiles/STM32_Drivers.dir/__/__/Core/Src/system_stm32l4xx.c.obj
 .debug_macro   0x00001113     0x1011 cmake/stm32cubemx/CMakeFiles/STM32_Drivers.dir/__/__/Core/Src/system_stm32l4xx.c.obj
 .debug_macro   0x00002124      0x11f cmake/stm32cubemx/CMakeFiles/STM32_Drivers.dir/__/__/Core/Src/system_stm32l4xx.c.obj
 .debug_macro   0x00002243    0x19ddb cmake/stm32cubemx/CMakeFiles/STM32_Drivers.dir/__/__/Core/Src/system_stm32l4xx.c.obj
 .debug_macro   0x0001c01e       0x6d cmake/stm32cubemx/CMakeFiles/STM32_Drivers.dir/__/__/Core/Src/system_stm32l4xx.c.obj
 .debug_macro   0x0001c08b      0x19b cmake/stm32cubemx/CMakeFiles/STM32_Drivers.dir/__/__/Core/Src/system_stm32l4xx.c.obj
 .debug_macro   0x0001c226     0x38fb cmake/stm32cubemx/CMakeFiles/STM32_Drivers.dir/__/__/Core/Src/system_stm32l4xx.c.obj
 .debug_macro   0x0001fb21      0x190 cmake/stm32cubemx/CMakeFiles/STM32_Drivers.dir/__/__/Core/Src/system_stm32l4xx.c.obj
 .debug_macro   0x0001fcb1       0x5c cmake/stm32cubemx/CMakeFiles/STM32_Drivers.dir/__/__/Core/Src/system_stm32l4xx.c.obj
 .debug_macro   0x0001fd0d     0x1558 cmake/stm32cubemx/CMakeFiles/STM32_Drivers.dir/__/__/Core/Src/system_stm32l4xx.c.obj
 .debug_macro   0x00021265      0x5a5 cmake/stm32cubemx/CMakeFiles/STM32_Drivers.dir/__/__/Core/Src/system_stm32l4xx.c.obj
 .debug_macro   0x0002180a      0x1b9 cmake/stm32cubemx/CMakeFiles/STM32_Drivers.dir/__/__/Core/Src/system_stm32l4xx.c.obj
 .debug_macro   0x000219c3      0x17d cmake/stm32cubemx/CMakeFiles/STM32_Drivers.dir/__/__/Core/Src/system_stm32l4xx.c.obj
 .debug_macro   0x00021b40      0x2c4 cmake/stm32cubemx/CMakeFiles/STM32_Drivers.dir/__/__/Core/Src/system_stm32l4xx.c.obj
 .debug_macro   0x00021e04      0x27a cmake/stm32cubemx/CMakeFiles/STM32_Drivers.dir/__/__/Core/Src/system_stm32l4xx.c.obj
 .debug_macro   0x0002207e      0x23d cmake/stm32cubemx/CMakeFiles/STM32_Drivers.dir/__/__/Core/Src/system_stm32l4xx.c.obj
 .debug_macro   0x000222bb      0x241 cmake/stm32cubemx/CMakeFiles/STM32_Drivers.dir/__/__/Core/Src/system_stm32l4xx.c.obj
 .debug_macro   0x000224fc      0x37c cmake/stm32cubemx/CMakeFiles/STM32_Drivers.dir/__/__/Core/Src/system_stm32l4xx.c.obj
 .debug_macro   0x00022878       0xd6 cmake/stm32cubemx/CMakeFiles/STM32_Drivers.dir/__/__/Core/Src/system_stm32l4xx.c.obj
 .debug_macro   0x0002294e      0x122 cmake/stm32cubemx/CMakeFiles/STM32_Drivers.dir/__/__/Core/Src/system_stm32l4xx.c.obj
 .debug_macro   0x00022a70      0x3e8 cmake/stm32cubemx/CMakeFiles/STM32_Drivers.dir/__/__/Core/Src/system_stm32l4xx.c.obj
 .debug_macro   0x00022e58      0x330 cmake/stm32cubemx/CMakeFiles/STM32_Drivers.dir/__/__/Core/Src/system_stm32l4xx.c.obj
 .debug_macro   0x00023188      0x1ac cmake/stm32cubemx/CMakeFiles/STM32_Drivers.dir/__/__/Drivers/STM32L4xx_HAL_Driver/Src/stm32l4xx_hal.c.obj
 .debug_macro   0x00023334      0x1a0 cmake/stm32cubemx/CMakeFiles/STM32_Drivers.dir/__/__/Drivers/STM32L4xx_HAL_Driver/Src/stm32l4xx_hal_rcc.c.obj
 .debug_macro   0x000234d4      0x182 cmake/stm32cubemx/CMakeFiles/STM32_Drivers.dir/__/__/Drivers/STM32L4xx_HAL_Driver/Src/stm32l4xx_hal_pwr_ex.c.obj
 .debug_macro   0x00023656      0x15e cmake/stm32cubemx/CMakeFiles/STM32_Drivers.dir/__/__/Drivers/STM32L4xx_HAL_Driver/Src/stm32l4xx_hal_cortex.c.obj
 .debug_macro   0x000237b4      0x168 CMakeFiles/rtos.dir/Core/Src/main.c.obj
 .debug_macro   0x0002391c      0x172 CMakeFiles/rtos.dir/Core/Src/stm32l4xx_it.c.obj
 .debug_macro   0x00023a8e      0x168 CMakeFiles/rtos.dir/Core/Src/stm32l4xx_hal_msp.c.obj

.debug_line     0x00000000     0x481e
 .debug_line    0x00000000      0x5e5 cmake/stm32cubemx/CMakeFiles/STM32_Drivers.dir/__/__/Core/Src/system_stm32l4xx.c.obj
 .debug_line    0x000005e5      0x950 cmake/stm32cubemx/CMakeFiles/STM32_Drivers.dir/__/__/Drivers/STM32L4xx_HAL_Driver/Src/stm32l4xx_hal.c.obj
 .debug_line    0x00000f35      0xea5 cmake/stm32cubemx/CMakeFiles/STM32_Drivers.dir/__/__/Drivers/STM32L4xx_HAL_Driver/Src/stm32l4xx_hal_rcc.c.obj
 .debug_line    0x00001dda      0xb02 cmake/stm32cubemx/CMakeFiles/STM32_Drivers.dir/__/__/Drivers/STM32L4xx_HAL_Driver/Src/stm32l4xx_hal_pwr_ex.c.obj
 .debug_line    0x000028dc      0xaeb cmake/stm32cubemx/CMakeFiles/STM32_Drivers.dir/__/__/Drivers/STM32L4xx_HAL_Driver/Src/stm32l4xx_hal_cortex.c.obj
 .debug_line    0x000033c7      0x5c0 CMakeFiles/rtos.dir/Core/Src/main.c.obj
 .debug_line    0x00003987      0x5ff CMakeFiles/rtos.dir/Core/Src/stm32l4xx_it.c.obj
 .debug_line    0x00003f86      0x54a CMakeFiles/rtos.dir/Core/Src/stm32l4xx_hal_msp.c.obj
 .debug_line    0x000044d0       0x7a CMakeFiles/rtos.dir/startup_stm32l475xx.s.obj
 .debug_line    0x0000454a      0x11e /usr/lib/gcc/arm-none-eabi/13.2.1/../../../arm-none-eabi/lib/thumb/v7e-m+fp/hard/libg_nano.a(libc_a-init.o)
 .debug_line    0x00004668      0x1b6 /usr/lib/gcc/arm-none-eabi/13.2.1/../../../arm-none-eabi/lib/thumb/v7e-m+fp/hard/libg_nano.a(libc_a-memset.o)

.debug_str      0x00000000    0xde539
 .debug_str     0x00000000    0xde539 cmake/stm32cubemx/CMakeFiles/STM32_Drivers.dir/__/__/Core/Src/system_stm32l4xx.c.obj
                              0xdc9b7 (size before relaxing)
 .debug_str     0x000de539    0xdd556 cmake/stm32cubemx/CMakeFiles/STM32_Drivers.dir/__/__/Drivers/STM32L4xx_HAL_Driver/Src/stm32l4xx_hal.c.obj
 .debug_str     0x000de539    0xdcff2 cmake/stm32cubemx/CMakeFiles/STM32_Drivers.dir/__/__/Drivers/STM32L4xx_HAL_Driver/Src/stm32l4xx_hal_rcc.c.obj
 .debug_str     0x000de539    0xdced7 cmake/stm32cubemx/CMakeFiles/STM32_Drivers.dir/__/__/Drivers/STM32L4xx_HAL_Driver/Src/stm32l4xx_hal_pwr_ex.c.obj
 .debug_str     0x000de539    0xdd21d cmake/stm32cubemx/CMakeFiles/STM32_Drivers.dir/__/__/Drivers/STM32L4xx_HAL_Driver/Src/stm32l4xx_hal_cortex.c.obj
 .debug_str     0x000de539    0xdc99d CMakeFiles/rtos.dir/Core/Src/main.c.obj
 .debug_str     0x000de539    0xdc846 CMakeFiles/rtos.dir/Core/Src/stm32l4xx_it.c.obj
 .debug_str     0x000de539    0xdc902 CMakeFiles/rtos.dir/Core/Src/stm32l4xx_hal_msp.c.obj
 .debug_str     0x000de539       0xb8 CMakeFiles/rtos.dir/startup_stm32l475xx.s.obj
 .debug_str     0x000de539      0x1fa /usr/lib/gcc/arm-none-eabi/13.2.1/../../../arm-none-eabi/lib/thumb/v7e-m+fp/hard/libg_nano.a(libc_a-init.o)
 .debug_str     0x000de539      0x1ad /usr/lib/gcc/arm-none-eabi/13.2.1/../../../arm-none-eabi/lib/thumb/v7e-m+fp/hard/libg_nano.a(libc_a-memset.o)

.debug_frame    0x00000000     0x1334
 .debug_frame   0x00000000       0x58 cmake/stm32cubemx/CMakeFiles/STM32_Drivers.dir/__/__/Core/Src/system_stm32l4xx.c.obj
 .debug_frame   0x00000058      0x498 cmake/stm32cubemx/CMakeFiles/STM32_Drivers.dir/__/__/Drivers/STM32L4xx_HAL_Driver/Src/stm32l4xx_hal.c.obj
 .debug_frame   0x000004f0      0x21c cmake/stm32cubemx/CMakeFiles/STM32_Drivers.dir/__/__/Drivers/STM32L4xx_HAL_Driver/Src/stm32l4xx_hal_rcc.c.obj
 .debug_frame   0x0000070c      0x544 cmake/stm32cubemx/CMakeFiles/STM32_Drivers.dir/__/__/Drivers/STM32L4xx_HAL_Driver/Src/stm32l4xx_hal_pwr_ex.c.obj
 .debug_frame   0x00000c50      0x4e8 cmake/stm32cubemx/CMakeFiles/STM32_Drivers.dir/__/__/Drivers/STM32L4xx_HAL_Driver/Src/stm32l4xx_hal_cortex.c.obj
 .debug_frame   0x00001138       0x68 CMakeFiles/rtos.dir/Core/Src/main.c.obj
 .debug_frame   0x000011a0      0x104 CMakeFiles/rtos.dir/Core/Src/stm32l4xx_it.c.obj
 .debug_frame   0x000012a4       0x38 CMakeFiles/rtos.dir/Core/Src/stm32l4xx_hal_msp.c.obj
 .debug_frame   0x000012dc       0x2c /usr/lib/gcc/arm-none-eabi/13.2.1/../../../arm-none-eabi/lib/thumb/v7e-m+fp/hard/libg_nano.a(libc_a-init.o)
 .debug_frame   0x00001308       0x2c /usr/lib/gcc/arm-none-eabi/13.2.1/../../../arm-none-eabi/lib/thumb/v7e-m+fp/hard/libg_nano.a(libc_a-memset.o)

.debug_line_str
                0x00000000       0x9e
 .debug_line_str
                0x00000000       0x9e CMakeFiles/rtos.dir/startup_stm32l475xx.s.obj

.debug_loclists
                0x00000000      0x227
 .debug_loclists
                0x00000000       0x65 /usr/lib/gcc/arm-none-eabi/13.2.1/../../../arm-none-eabi/lib/thumb/v7e-m+fp/hard/libg_nano.a(libc_a-init.o)
 .debug_loclists
                0x00000065      0x1c2 /usr/lib/gcc/arm-none-eabi/13.2.1/../../../arm-none-eabi/lib/thumb/v7e-m+fp/hard/libg_nano.a(libc_a-memset.o)
